kotlin version: 2.3.0
error message: org.jetbrains.kotlin.fir.pipeline.IrGenerationExtensionException: Back-end: Please report this problem https://kotl.in/issue
/Users/administrator/Documents/sotchi/backend/src/main/kotlin/domain/user/UserEntity.kt:7:1
Problem with `@Serializable
data class UserEntity {
  constructor(id: Int, name: String, email: String, createdAtDt: LocalDateTime, lastModifiedDt: LocalDateTime) /* primary */ {
    super/*Any*/()
    /* <init>() */

  }

  val id: Int
    field = id
    get

  val name: String
    field = name
    get

  val email: String
    field = email
    get

  @Contextual
  val createdAtDt: LocalDateTime
    field = createdAtDt
    get

  val lastModifiedDt: LocalDateTime
    field = lastModifiedDt
    get

  companion object Companion {
    private constructor() /* primary */ {
      super/*Any*/()
      /* <init>() */

    }

    fun serializer(): KSerializer<UserEntity>

    /* fake */ override operator fun equals(other: Any?): Boolean

    /* fake */ override fun hashCode(): Int

    /* fake */ override fun toString(): String

  }

  @Deprecated(message = "This synthesized declaration should not be used directly", level = DeprecationLevel.HIDDEN)
  object $serializer : GeneratedSerializer<UserEntity> {
    private constructor() /* primary */ {
      super/*Any*/()
      /* <init>() */

    }

    override fun serialize(encoder: Encoder, value: UserEntity)

    override fun deserialize(decoder: Decoder): UserEntity

    override val descriptor: SerialDescriptor
      override get

    override fun childSerializers(): Array<KSerializer<*>>

    /* fake */ override fun typeParametersSerializers(): Array<KSerializer<*>>

    /* fake */ override operator fun equals(other: Any?): Boolean

    /* fake */ override fun hashCode(): Int

    /* fake */ override fun toString(): String

  }

  operator fun component1(): Int {
    return <this>.#id
  }

  operator fun component2(): String {
    return <this>.#name
  }

  operator fun component3(): String {
    return <this>.#email
  }

  operator fun component4(): LocalDateTime {
    return <this>.#createdAtDt
  }

  operator fun component5(): LocalDateTime {
    return <this>.#lastModifiedDt
  }

  fun copy(id: Int = <this>.#id, name: String = <this>.#name, email: String = <this>.#email, createdAtDt: LocalDateTime = <this>.#createdAtDt, lastModifiedDt: LocalDateTime = <this>.#lastModifiedDt): UserEntity {
    return UserEntity(id = id, name = name, email = email, createdAtDt = createdAtDt, lastModifiedDt = lastModifiedDt)
  }

  override fun toString(): String {
    return "UserEntity(" + "id=" + <this>.#id + ", " + "name=" + <this>.#name + ", " + "email=" + <this>.#email + ", " + "createdAtDt=" + <this>.#createdAtDt + ", " + "lastModifiedDt=" + <this>.#lastModifiedDt + ")"
  }

  override fun hashCode(): Int {
    var result: Int = <this>.#id.hashCode()
    result = result.times(other = 31).plus(other = <this>.#name.hashCode())
    result = result.times(other = 31).plus(other = <this>.#email.hashCode())
    result = result.times(other = 31).plus(other = <this>.#createdAtDt.hashCode())
    result = result.times(other = 31).plus(other = <this>.#lastModifiedDt.hashCode())
    return result
  }

  override operator fun equals(other: Any?): Boolean {
    when {
      EQEQEQ(arg0 = <this>, arg1 = other) -> return true
    }
    when {
      other !is UserEntity -> return false
    }
    val tmp0_other_with_cast: UserEntity = other /*as UserEntity */
    when {
      EQEQ(arg0 = <this>.#id, arg1 = tmp0_other_with_cast.#id).not() -> return false
    }
    when {
      EQEQ(arg0 = <this>.#name, arg1 = tmp0_other_with_cast.#name).not() -> return false
    }
    when {
      EQEQ(arg0 = <this>.#email, arg1 = tmp0_other_with_cast.#email).not() -> return false
    }
    when {
      EQEQ(arg0 = <this>.#createdAtDt, arg1 = tmp0_other_with_cast.#createdAtDt).not() -> return false
    }
    when {
      EQEQ(arg0 = <this>.#lastModifiedDt, arg1 = tmp0_other_with_cast.#lastModifiedDt).not() -> return false
    }
    return true
  }

  @JvmStatic
  internal /* static */ fun write$Self(self: UserEntity, output: CompositeEncoder, serialDesc: SerialDescriptor)

  internal constructor(seen0: Int, id: Int, name: String?, email: String?, createdAtDt: LocalDateTime?, lastModifiedDt: LocalDateTime?, serializationConstructorMarker: SerializationConstructorMarker?)

}

`
Details: kotlinx.serialization compiler plugin internal error: unable to transform declaration, see cause
	at org.jetbrains.kotlin.fir.pipeline.Fir2IrPipeline.applyIrGenerationExtensions(convertToIr.kt:577)
	at org.jetbrains.kotlin.fir.pipeline.Fir2IrPipeline.runActualizationPipeline(convertToIr.kt:279)
	at org.jetbrains.kotlin.fir.pipeline.Fir2IrPipeline.convertToIrAndActualize(convertToIr.kt:150)
	at org.jetbrains.kotlin.fir.pipeline.ConvertToIrKt.convertToIrAndActualize(convertToIr.kt:115)
	at org.jetbrains.kotlin.fir.pipeline.ConvertToIrKt.convertToIrAndActualize$default(convertToIr.kt:88)
	at org.jetbrains.kotlin.cli.jvm.compiler.legacy.pipeline.JvmCompilerPipelineKt.convertToIrAndActualizeForJvm(jvmCompilerPipeline.kt:100)
	at org.jetbrains.kotlin.cli.pipeline.jvm.JvmFir2IrPipelinePhase.executePhase(JvmFir2IrPipelinePhase.kt:30)
	at org.jetbrains.kotlin.cli.pipeline.jvm.JvmFir2IrPipelinePhase.executePhase(JvmFir2IrPipelinePhase.kt:25)
	at org.jetbrains.kotlin.cli.pipeline.jvm.JvmFir2IrPipelinePhase.executePhase(JvmFir2IrPipelinePhase.kt:19)
	at org.jetbrains.kotlin.cli.pipeline.PipelinePhase.phaseBody(PipelinePhase.kt:68)
	at org.jetbrains.kotlin.cli.pipeline.PipelinePhase.phaseBody(PipelinePhase.kt:58)
	at org.jetbrains.kotlin.config.phaser.NamedCompilerPhase.invoke(CompilerPhase.kt:102)
	at org.jetbrains.kotlin.backend.common.phaser.CompositePhase.invoke(PhaseBuilders.kt:22)
	at org.jetbrains.kotlin.config.phaser.CompilerPhaseKt.invokeToplevel(CompilerPhase.kt:53)
	at org.jetbrains.kotlin.cli.pipeline.AbstractCliPipeline.runPhasedPipeline(AbstractCliPipeline.kt:109)
	at org.jetbrains.kotlin.cli.pipeline.AbstractCliPipeline.execute(AbstractCliPipeline.kt:68)
	at org.jetbrains.kotlin.cli.jvm.K2JVMCompiler.doExecutePhased(K2JVMCompiler.kt:51)
	at org.jetbrains.kotlin.cli.jvm.K2JVMCompiler.doExecutePhased(K2JVMCompiler.kt:42)
	at org.jetbrains.kotlin.cli.common.CLICompiler.execImpl(CLICompiler.kt:89)
	at org.jetbrains.kotlin.cli.common.CLICompiler.exec(CLICompiler.kt:359)
	at org.jetbrains.kotlin.incremental.IncrementalJvmCompilerRunnerBase.runCompiler(IncrementalJvmCompilerRunnerBase.kt:178)
	at org.jetbrains.kotlin.incremental.IncrementalJvmCompilerRunnerBase.runCompiler(IncrementalJvmCompilerRunnerBase.kt:40)
	at org.jetbrains.kotlin.incremental.IncrementalCompilerRunner.doCompile(IncrementalCompilerRunner.kt:504)
	at org.jetbrains.kotlin.incremental.IncrementalCompilerRunner.compileImpl(IncrementalCompilerRunner.kt:418)
	at org.jetbrains.kotlin.incremental.IncrementalCompilerRunner.tryCompileIncrementally$lambda$0$compile(IncrementalCompilerRunner.kt:249)
	at org.jetbrains.kotlin.incremental.IncrementalCompilerRunner.tryCompileIncrementally(IncrementalCompilerRunner.kt:267)
	at org.jetbrains.kotlin.incremental.IncrementalCompilerRunner.compile(IncrementalCompilerRunner.kt:119)
	at org.jetbrains.kotlin.daemon.CompileServiceImplBase.execIncrementalCompiler(CompileServiceImpl.kt:684)
	at org.jetbrains.kotlin.daemon.CompileServiceImplBase.access$execIncrementalCompiler(CompileServiceImpl.kt:94)
	at org.jetbrains.kotlin.daemon.CompileServiceImpl.compile(CompileServiceImpl.kt:1810)
	at java.base/jdk.internal.reflect.DirectMethodHandleAccessor.invoke(DirectMethodHandleAccessor.java:104)
	at java.base/java.lang.reflect.Method.invoke(Method.java:565)
	at java.rmi/sun.rmi.server.UnicastServerRef.dispatch(UnicastServerRef.java:351)
	at java.rmi/sun.rmi.transport.Transport.serviceCall(Transport.java:166)
	at java.rmi/sun.rmi.transport.tcp.TCPTransport.handleMessages(TCPTransport.java:543)
	at java.rmi/sun.rmi.transport.tcp.TCPTransport$ConnectionHandler.run0(TCPTransport.java:744)
	at java.rmi/sun.rmi.transport.tcp.TCPTransport$ConnectionHandler.run(TCPTransport.java:623)
	at java.base/java.util.concurrent.ThreadPoolExecutor.runWorker(ThreadPoolExecutor.java:1090)
	at java.base/java.util.concurrent.ThreadPoolExecutor$Worker.run(ThreadPoolExecutor.java:614)
	at java.base/java.lang.Thread.run(Thread.java:1474)
Caused by: org.jetbrains.kotlin.backend.common.CompilationException: Back-end: Please report this problem https://kotl.in/issue
/Users/administrator/Documents/sotchi/backend/src/main/kotlin/domain/user/UserEntity.kt:7:1
Problem with `@Serializable
data class UserEntity {
  constructor(id: Int, name: String, email: String, createdAtDt: LocalDateTime, lastModifiedDt: LocalDateTime) /* primary */ {
    super/*Any*/()
    /* <init>() */

  }

  val id: Int
    field = id
    get

  val name: String
    field = name
    get

  val email: String
    field = email
    get

  @Contextual
  val createdAtDt: LocalDateTime
    field = createdAtDt
    get

  val lastModifiedDt: LocalDateTime
    field = lastModifiedDt
    get

  companion object Companion {
    private constructor() /* primary */ {
      super/*Any*/()
      /* <init>() */

    }

    fun serializer(): KSerializer<UserEntity>

    /* fake */ override operator fun equals(other: Any?): Boolean

    /* fake */ override fun hashCode(): Int

    /* fake */ override fun toString(): String

  }

  @Deprecated(message = "This synthesized declaration should not be used directly", level = DeprecationLevel.HIDDEN)
  object $serializer : GeneratedSerializer<UserEntity> {
    private constructor() /* primary */ {
      super/*Any*/()
      /* <init>() */

    }

    override fun serialize(encoder: Encoder, value: UserEntity)

    override fun deserialize(decoder: Decoder): UserEntity

    override val descriptor: SerialDescriptor
      override get

    override fun childSerializers(): Array<KSerializer<*>>

    /* fake */ override fun typeParametersSerializers(): Array<KSerializer<*>>

    /* fake */ override operator fun equals(other: Any?): Boolean

    /* fake */ override fun hashCode(): Int

    /* fake */ override fun toString(): String

  }

  operator fun component1(): Int {
    return <this>.#id
  }

  operator fun component2(): String {
    return <this>.#name
  }

  operator fun component3(): String {
    return <this>.#email
  }

  operator fun component4(): LocalDateTime {
    return <this>.#createdAtDt
  }

  operator fun component5(): LocalDateTime {
    return <this>.#lastModifiedDt
  }

  fun copy(id: Int = <this>.#id, name: String = <this>.#name, email: String = <this>.#email, createdAtDt: LocalDateTime = <this>.#createdAtDt, lastModifiedDt: LocalDateTime = <this>.#lastModifiedDt): UserEntity {
    return UserEntity(id = id, name = name, email = email, createdAtDt = createdAtDt, lastModifiedDt = lastModifiedDt)
  }

  override fun toString(): String {
    return "UserEntity(" + "id=" + <this>.#id + ", " + "name=" + <this>.#name + ", " + "email=" + <this>.#email + ", " + "createdAtDt=" + <this>.#createdAtDt + ", " + "lastModifiedDt=" + <this>.#lastModifiedDt + ")"
  }

  override fun hashCode(): Int {
    var result: Int = <this>.#id.hashCode()
    result = result.times(other = 31).plus(other = <this>.#name.hashCode())
    result = result.times(other = 31).plus(other = <this>.#email.hashCode())
    result = result.times(other = 31).plus(other = <this>.#createdAtDt.hashCode())
    result = result.times(other = 31).plus(other = <this>.#lastModifiedDt.hashCode())
    return result
  }

  override operator fun equals(other: Any?): Boolean {
    when {
      EQEQEQ(arg0 = <this>, arg1 = other) -> return true
    }
    when {
      other !is UserEntity -> return false
    }
    val tmp0_other_with_cast: UserEntity = other /*as UserEntity */
    when {
      EQEQ(arg0 = <this>.#id, arg1 = tmp0_other_with_cast.#id).not() -> return false
    }
    when {
      EQEQ(arg0 = <this>.#name, arg1 = tmp0_other_with_cast.#name).not() -> return false
    }
    when {
      EQEQ(arg0 = <this>.#email, arg1 = tmp0_other_with_cast.#email).not() -> return false
    }
    when {
      EQEQ(arg0 = <this>.#createdAtDt, arg1 = tmp0_other_with_cast.#createdAtDt).not() -> return false
    }
    when {
      EQEQ(arg0 = <this>.#lastModifiedDt, arg1 = tmp0_other_with_cast.#lastModifiedDt).not() -> return false
    }
    return true
  }

  @JvmStatic
  internal /* static */ fun write$Self(self: UserEntity, output: CompositeEncoder, serialDesc: SerialDescriptor)

  internal constructor(seen0: Int, id: Int, name: String?, email: String?, createdAtDt: LocalDateTime?, lastModifiedDt: LocalDateTime?, serializationConstructorMarker: SerializationConstructorMarker?)

}

`
Details: kotlinx.serialization compiler plugin internal error: unable to transform declaration, see cause
	at org.jetbrains.kotlinx.serialization.compiler.extensions.SerializerClassLowering.lower(SerializationLoweringExtension.kt:233)
	at org.jetbrains.kotlinx.serialization.compiler.extensions.SerializationLoweringExtensionKt$runOnFileInOrder$1.visitClass(SerializationLoweringExtension.kt:46)
	at org.jetbrains.kotlin.ir.visitors.IrVisitorVoid.visitClass(IrVisitorVoid.kt:44)
	at org.jetbrains.kotlin.ir.visitors.IrVisitorVoid.visitClass(IrVisitorVoid.kt:18)
	at org.jetbrains.kotlin.ir.declarations.IrClass.accept(IrClass.kt:72)
	at org.jetbrains.kotlin.ir.declarations.IrPackageFragment.acceptChildren(IrPackageFragment.kt:27)
	at org.jetbrains.kotlin.ir.visitors.IrVisitorsKt.acceptChildrenVoid(IrVisitors.kt:23)
	at org.jetbrains.kotlinx.serialization.compiler.extensions.SerializationLoweringExtensionKt$runOnFileInOrder$1.visitElement(SerializationLoweringExtension.kt:42)
	at org.jetbrains.kotlin.ir.visitors.IrVisitorVoid.visitPackageFragment(IrVisitorVoid.kt:168)
	at org.jetbrains.kotlin.ir.visitors.IrVisitorVoid.visitFile(IrVisitorVoid.kt:184)
	at org.jetbrains.kotlin.ir.visitors.IrVisitorVoid.visitFile(IrVisitorVoid.kt:180)
	at org.jetbrains.kotlin.ir.visitors.IrVisitorVoid.visitFile(IrVisitorVoid.kt:18)
	at org.jetbrains.kotlin.ir.declarations.IrFile.accept(IrFile.kt:27)
	at org.jetbrains.kotlin.ir.visitors.IrVisitorsKt.acceptVoid(IrVisitors.kt:11)
	at org.jetbrains.kotlinx.serialization.compiler.extensions.SerializationLoweringExtensionKt.runOnFileInOrder(SerializationLoweringExtension.kt:40)
	at org.jetbrains.kotlinx.serialization.compiler.extensions.SerializationLoweringExtension.generate(SerializationLoweringExtension.kt:197)
	at org.jetbrains.kotlin.fir.pipeline.Fir2IrPipeline.applyIrGenerationExtensions(convertToIr.kt:571)
	... 39 more
Caused by: java.lang.IllegalStateException: Serializer for element of type java.time.LocalDateTime has not been found
	at org.jetbrains.kotlinx.serialization.compiler.backend.ir.SerializerSearchUtilKt.findTypeSerializerOrContext(SerializerSearchUtil.kt:85)
	at org.jetbrains.kotlinx.serialization.compiler.backend.ir.SerializerSearchUtilKt.getIrSerialTypeInfo(SerializerSearchUtil.kt:64)
	at org.jetbrains.kotlinx.serialization.compiler.backend.ir.BaseIrGenerator.cacheableChildSerializerInstance(BaseIrGenerator.kt:473)
	at org.jetbrains.kotlinx.serialization.compiler.backend.ir.BaseIrGenerator.createCachedChildSerializers(BaseIrGenerator.kt:465)
	at org.jetbrains.kotlinx.serialization.compiler.backend.ir.SerializableIrGenerator.<init>(SerializableIrGenerator.kt:62)
	at org.jetbrains.kotlinx.serialization.compiler.backend.ir.SerializableIrGenerator$Companion.generate(SerializableIrGenerator.kt:407)
	at org.jetbrains.kotlinx.serialization.compiler.extensions.SerializerClassLowering.lower(SerializationLoweringExtension.kt:149)
	... 55 more


